Microchip MPLAB XC8 Compiler V2.41

Linker command line:

-W-3 \
  --edf=C:/SPB_Data/packs/Microchip/PIC10-12Fxxx_DFP/1.6.174/xc8\pic\dat\20230421221704_en.msgs \
  -cn -h+dist/default/debug\PIC12f675-PC-WATCHDOG.X.debug.sym \
  --cmf=dist/default/debug\PIC12f675-PC-WATCHDOG.X.debug.cmf -z -Q12F675 \
  -oC:\Users\quiqu\AppData\Local\Temp\xcAsbs.\driver_tmp_3.o \
  --defsym=__MPLAB_BUILD=1 --fixupoverflow=error \
  -Mdist/default/debug/PIC12f675-PC-WATCHDOG.X.debug.map \
  --md=C:\Users\quiqu\AppData\Local\Temp\xcAsbs.\driver_tmp_0.dat -E1 \
  -ver=XC8 Compiler --acfsm=1493 -ACODE=00h-02FFh -ASTRCODE=00h-02FFh \
  -ASTRING=00h-0FFhx3 -ACONST=00h-0FFhx3 -AENTRY=00h-0FFhx3 \
  -ABANK0=020h-053h -ARAM=020h-053h -AABS1=020h-05Fh -ASFR0=00h-01Fh \
  -ASFR1=080h-0FFh -ACONFIG=02007h-02007h -DCONFIG=2 -AIDLOC=02000h-02003h \
  -DIDLOC=2 -AEEDATA=00h-07Fh/02100h -peeprom_data=EEDATA -DEEDATA=2 \
  -DCODE=2 -DSTRCODE=2 -DSTRING=2 -DCONST=2 -DENTRY=2 \
  -preset_vec=00h,intentry=04h,init,end_init -ppowerup=CODE -pcinit=CODE \
  -pfunctab=ENTRY -posccal=03FFh -k \
  C:\Users\quiqu\AppData\Local\Temp\xcAsbs.\driver_tmp_12.o \
  dist/default/debug\PIC12f675-PC-WATCHDOG.X.debug.o 

Object code version is 3.11

Machine type is 12F675



                Name                               Link     Load   Length Selector   Space Scale
C:\Users\quiqu\AppData\Local\Temp\xcAsbs.\driver_tmp_12.o
                end_init                              B        B        1        8       0
                reset_vec                             0        0        2        0       0
                config                             2007     2007        1        0       4
dist/default/debug\PIC12f675-PC-WATCHDOG.X.debug.o
                cinit                                 C        C        2        8       0
                intentry                              4        4        7        8       0
                config                             2007     2007        1        0       4
                text1                                42       42       15        8       0
                maintext                              E        E       34        8       0
                cstackBANK0                          20       20        5       20       1

TOTAL           Name                               Link     Load   Length     Space
        CLASS   CODE           
                end_init                              B        B        1         0
                cinit                                 C        C        2         0
                intentry                              4        4        7         0
                reset_vec                             0        0        2         0
                text1                                42       42       15         0
                maintext                              E        E       34         0

        CLASS   STRCODE        

        CLASS   STRING         

        CLASS   CONST          

        CLASS   ENTRY          

        CLASS   BANK0          
                cstackBANK0                          20       20        5         1

        CLASS   RAM            

        CLASS   ABS1           
                abs_s1                                0        0        0         1

        CLASS   SFR0           

        CLASS   SFR1           

        CLASS   CONFIG         
                config                             2007     2007        1         4

        CLASS   IDLOC          

        CLASS   EEDATA         

        CLASS   COMMON         

        CLASS   BANK1          

        CLASS   STACK          



SEGMENTS        Name                           Load    Length   Top    Selector   Space  Class     Delta

                reset_vec                      000000  000002  000002         0       0  CODE        2
                intentry                       000004  000053  000057         8       0  CODE        2
                cstackBANK0                    000020  000005  000025        20       1  BANK0       1


UNUSED ADDRESS RANGES

        Name                Unused          Largest block    Delta
        BANK0            0025-0053             2F           1
        CODE             0002-0003              2           2
                         0057-02FF            2A9
        CONST            0002-0003              2           2
                         0057-02FF            100
        EEDATA           2100-217F             80           2
        ENTRY            0002-0003              2           2
                         0057-02FF            100
        IDLOC            2000-2003              4           2
        RAM              0025-0053             2F           1
        SFR0             0000-001F             20           1
        SFR1             0080-00FF             80           1
        STRCODE          0002-0003              2           2
                         0057-02FF            2A9
        STRING           0002-0003              2           2
                         0057-02FF            100

                                  Symbol Table

_ANSEL                   (abs)        009F
_CMCON                   (abs)        0019
_GPIO                    (abs)        0005
_GPIObits                (abs)        0005
_INTCON                  (abs)        000B
_OPTION_REG              (abs)        0081
_PIE1                    (abs)        008C
_PIE1bits                (abs)        008C
_PIR1                    (abs)        000C
_PIR1bits                (abs)        000C
_T1CON                   (abs)        0010
_TMR1H                   (abs)        000F
_TMR1L                   (abs)        000E
_TRISIO                  (abs)        0085
__H__absolute__          __absolute__ 0000
__Habs1                  abs1         07FE
__Hbank0                 bank0        07FE
__Hbank1                 bank1        07FE
__Hcinit                 cinit        000E
__Hclrtext               clrtext      07FE
__Hcode                  code         07FE
__Hcommon                common       07FE
__Hconfig                config       2008
__HcstackBANK0           cstackBANK0  07FE
__Heeprom_data           eeprom_data  0000
__Hend_init              end_init     000C
__Hfunctab               functab      0000
__Hinit                  init         000B
__Hintentry              intentry     000B
__Hmaintext              maintext     07FE
__Hosccal                osccal       03FF
__Hpowerup               powerup      0000
__Hram                   ram          07FE
__Hreset_vec             reset_vec    0002
__Hsfr0                  sfr0         07FE
__Hsfr1                  sfr1         07FE
__Hspace_0               (abs)        07FE
__Hspace_1               (abs)        07FE
__Hspace_2               (abs)        07FE
__Hspace_3               (abs)        0000
__Hspace_4               (abs)        400F
__Hstack                 stack        07FE
__Hstrings               strings      07FE
__Htext                  text         07FE
__L__absolute__          __absolute__ 0000
__Labs1                  abs1         07FE
__Lbank0                 bank0        07FE
__Lbank1                 bank1        07FE
__Lcinit                 cinit        000C
__Lclrtext               clrtext      07FE
__Lcode                  code         07FE
__Lcommon                common       07FE
__Lconfig                config       0000
__LcstackBANK0           cstackBANK0  07FE
__Leeprom_data           eeprom_data  0000
__Lend_init              end_init     000B
__Lfunctab               functab      0000
__Linit                  init         000B
__Lintentry              intentry     0004
__Lmaintext              maintext     07FE
__Losccal                osccal       03FF
__Lpowerup               powerup      0000
__Lram                   ram          07FE
__Lreset_vec             reset_vec    0000
__Lsfr0                  sfr0         07FE
__Lsfr1                  sfr1         07FE
__Lspace_0               (abs)        0000
__Lspace_1               (abs)        0000
__Lspace_2               (abs)        0000
__Lspace_3               (abs)        0000
__Lspace_4               (abs)        0000
__Lstack                 stack        07FE
__Lstrings               strings      07FE
__Ltext                  text         07FE
__S0                     (abs)        0057
__S1                     (abs)        0025
__S3                     (abs)        0000
___int_sp                stack        07FE
___latbits               (abs)        0000
___osccal_val            osccal       03FF
___sp                    stack        07FE
___stackhi               (abs)        0000
___stacklo               (abs)        0000
__end_of__initialization cinit        000C
__end_of_isr             text1        0057
__end_of_main            maintext     0042
__initialization         cinit        000C
__pcstackBANK0           cstackBANK0  0020
__pintentry              intentry     0004
__pmaintext              maintext     000E
__ptext1                 text1        0042
_isr                     text1        0042
_main                    maintext     000E
btemp                    (abs)        0000
end_of_initialization    cinit        000C
interrupt_function       intentry     0004
intlevel0                functab      0000
intlevel1                functab      0000
intlevel2                functab      0000
intlevel3                functab      0000
intlevel4                functab      0000
intlevel5                functab      0000
reset_vec                reset_vec    0000
saved_w                  (abs)        0000
start                    init         000B
start_initialization     cinit        000C


MODULE INFORMATION

Module		Function		Class		Link	Load	Size
shared
		__initialization		CODE           	000C	0000	1

shared estimated size: 1

main.c
		_main          		CODE           	000E	0000	52
		_isr           		CODE           	0042	0000	21

main.c estimated size: 73

