Microchip MPLAB XC8 Compiler V2.41

Linker command line:

-W-3 \
  --edf=C:/SPB_Data/packs/Microchip/PIC10-12Fxxx_DFP/1.6.174/xc8\pic\dat\20230421221704_en.msgs \
  -cn -h+dist/default/production\PIC12f675-PC-WATCHDOG.X.production.sym \
  --cmf=dist/default/production\PIC12f675-PC-WATCHDOG.X.production.cmf -z \
  -Q12F675 -oC:\Users\quiqu\AppData\Local\Temp\xcAsgak.\driver_tmp_3.o \
  --defsym=__MPLAB_BUILD=1 --fixupoverflow=error \
  -Mdist/default/production/PIC12f675-PC-WATCHDOG.X.production.map \
  --md=C:\Users\quiqu\AppData\Local\Temp\xcAsgak.\driver_tmp_0.dat -E1 \
  -ver=XC8 Compiler --acfsm=1493 -ACODE=00h-03FEh -ASTRCODE=00h-03FEh \
  -ASTRING=00h-0FFhx3,0300h-03FEh -ACONST=00h-0FFhx3,0300h-03FEh \
  -AENTRY=00h-0FFhx3,0300h-03FEh -ABANK0=020h-05Dh -ARAM=020h-05Dh \
  -AABS1=020h-05Fh -ACOMMON=05Eh-05Fh -ASFR0=00h-01Fh -ASFR1=080h-0DDh \
  -ACONFIG=02007h-02007h -DCONFIG=2 -AIDLOC=02000h-02003h -DIDLOC=2 \
  -AEEDATA=00h-07Fh/02100h -peeprom_data=EEDATA -DEEDATA=2 -DCODE=2 \
  -DSTRCODE=2 -DSTRING=2 -DCONST=2 -DENTRY=2 \
  -preset_vec=00h,intentry=04h,init,end_init -ppowerup=CODE -pcinit=CODE \
  -pfunctab=ENTRY -posccal=03FFh -k \
  C:\Users\quiqu\AppData\Local\Temp\xcAsgak.\driver_tmp_12.o \
  dist/default/production\PIC12f675-PC-WATCHDOG.X.production.o 

Object code version is 3.11

Machine type is 12F675



                Name                               Link     Load   Length Selector   Space Scale
C:\Users\quiqu\AppData\Local\Temp\xcAsgak.\driver_tmp_12.o
                end_init                              D        D        1        8       0
                reset_vec                             0        0        1        0       0
                config                             2007     2007        1        0       4
dist/default/production\PIC12f675-PC-WATCHDOG.X.production.o
                cinit                                 E        E        4        8       0
                intentry                              4        4        9        8       0
                config                             2007     2007        1        0       4
                text2                                7F       7F       2B        8       0
                text1                                4E       4E       31        8       0
                maintext                             12       12       3C        8       0
                cstackBANK0                          20       20        A       20       1
                bssBANK0                             2A       2A        1       20       1

TOTAL           Name                               Link     Load   Length     Space
        CLASS   CODE           
                end_init                              D        D        1         0
                cinit                                 E        E        4         0
                intentry                              4        4        9         0
                reset_vec                             0        0        1         0
                text2                                7F       7F       2B         0
                text1                                4E       4E       31         0
                maintext                             12       12       3C         0

        CLASS   STRCODE        

        CLASS   STRING         

        CLASS   CONST          

        CLASS   ENTRY          

        CLASS   BANK0          
                cstackBANK0                          20       20        A         1
                bssBANK0                             2A       2A        1         1

        CLASS   RAM            

        CLASS   ABS1           
                abs_s1                               5E       5E        2         1

        CLASS   COMMON         

        CLASS   SFR0           

        CLASS   SFR1           

        CLASS   CONFIG         
                config                             2007     2007        1         4

        CLASS   IDLOC          

        CLASS   EEDATA         

        CLASS   BANK1          

        CLASS   STACK          



SEGMENTS        Name                           Load    Length   Top    Selector   Space  Class     Delta

                reset_vec                      000000  000001  000001         0       0  CODE        2
                intentry                       000004  0000A6  0000AA         8       0  CODE        2
                cstackBANK0                    000020  00000B  00002B        20       1  BANK0       1


UNUSED ADDRESS RANGES

        Name                Unused          Largest block    Delta
        BANK0            002B-005D             33           1
        CODE             0001-0003              3           2
                         00AA-03FE            355
        CONST            0001-0003              3           2
                         00AA-03FE            100
        EEDATA           2100-217F             80           2
        ENTRY            0001-0003              3           2
                         00AA-03FE            100
        IDLOC            2000-2003              4           2
        RAM              002B-005D             33           1
        SFR0             0000-001F             20           1
        SFR1             0080-00DD             5E           1
        STRCODE          0001-0003              3           2
                         00AA-03FE            355
        STRING           0001-0003              3           2
                         00AA-03FE            100

                                  Symbol Table

_ADCON0                     (abs)        001F
_ANSEL                      (abs)        009F
_CMCON                      (abs)        0019
_GPIO                       (abs)        0005
_GPIObits                   (abs)        0005
_INTCON                     (abs)        000B
_OPTION_REG                 (abs)        0081
_PIE1                       (abs)        008C
_PIE1bits                   (abs)        008C
_PIR1                       (abs)        000C
_PIR1bits                   (abs)        000C
_T1CON                      (abs)        0010
_TMR1H                      (abs)        000F
_TMR1L                      (abs)        000E
_TRISIO                     (abs)        0085
_VRCON                      (abs)        0099
__H__absolute__             __absolute__ 0000
__Habs1                     abs1         07FE
__Hbank0                    bank0        07FE
__Hbank1                    bank1        07FE
__HbssBANK0                 bssBANK0     07FE
__Hcinit                    cinit        0012
__Hclrtext                  clrtext      07FE
__Hcode                     code         07FE
__Hcommon                   common       07FE
__Hconfig                   config       2008
__HcstackBANK0              cstackBANK0  07FE
__Heeprom_data              eeprom_data  0000
__Hend_init                 end_init     000E
__Hfunctab                  functab      0000
__Hinit                     init         000D
__Hintentry                 intentry     000D
__Hmaintext                 maintext     07FE
__Hosccal                   osccal       03FF
__Hpowerup                  powerup      0000
__Hram                      ram          07FE
__Hreset_vec                reset_vec    0001
__Hsfr0                     sfr0         07FE
__Hsfr1                     sfr1         07FE
__Hspace_0                  (abs)        07FE
__Hspace_1                  (abs)        07FE
__Hspace_2                  (abs)        07FE
__Hspace_3                  (abs)        0000
__Hspace_4                  (abs)        400F
__Hstack                    stack        07FE
__Hstrings                  strings      07FE
__Htext                     text         07FE
__L__absolute__             __absolute__ 0000
__Labs1                     abs1         07FE
__Lbank0                    bank0        07FE
__Lbank1                    bank1        07FE
__LbssBANK0                 bssBANK0     07FE
__Lcinit                    cinit        000E
__Lclrtext                  clrtext      07FE
__Lcode                     code         07FE
__Lcommon                   common       07FE
__Lconfig                   config       0000
__LcstackBANK0              cstackBANK0  07FE
__Leeprom_data              eeprom_data  0000
__Lend_init                 end_init     000D
__Lfunctab                  functab      0000
__Linit                     init         000D
__Lintentry                 intentry     0004
__Lmaintext                 maintext     07FE
__Losccal                   osccal       03FF
__Lpowerup                  powerup      0000
__Lram                      ram          07FE
__Lreset_vec                reset_vec    0000
__Lsfr0                     sfr0         07FE
__Lsfr1                     sfr1         07FE
__Lspace_0                  (abs)        0000
__Lspace_1                  (abs)        0000
__Lspace_2                  (abs)        0000
__Lspace_3                  (abs)        0000
__Lspace_4                  (abs)        0000
__Lstack                    stack        07FE
__Lstrings                  strings      07FE
__Ltext                     text         07FE
__S0                        (abs)        00AA
__S1                        (abs)        002B
__S3                        (abs)        0000
___int_sp                   stack        07FE
___latbits                  (abs)        0000
___osccal_val               osccal       03FF
___sp                       stack        07FE
___stackhi                  (abs)        0000
___stacklo                  (abs)        0000
__end_of__initialization    cinit        0010
__end_of_isr                text2        00AA
__end_of_led_start_sequence text1        007F
__end_of_main               maintext     004E
__initialization            cinit        000E
__pbssBANK0                 bssBANK0     002A
__pcstackBANK0              cstackBANK0  0020
__pintentry                 intentry     0004
__pmaintext                 maintext     0012
__ptext1                    text1        004E
__ptext2                    text2        007F
_counter                    bssBANK0     002A
_isr                        text2        007F
_led_start_sequence         text1        004E
_main                       maintext     0012
btemp                       (abs)        005E
end_of_initialization       cinit        0010
interrupt_function          intentry     0004
intlevel0                   functab      0000
intlevel1                   functab      0000
intlevel2                   functab      0000
intlevel3                   functab      0000
intlevel4                   functab      0000
intlevel5                   functab      0000
led_start_sequence@i        cstackBANK0  0026
reset_vec                   reset_vec    0000
saved_w                     (abs)        005E
start                       init         000D
start_initialization        cinit        000E
wtemp0                      (abs)        005E


MODULE INFORMATION

Module		Function		Class		Link	Load	Size
shared
		__initialization		CODE           	000E	0000	2

shared estimated size: 2

main.c
		_main          		CODE           	0012	0000	60
		_isr           		CODE           	007F	0000	43
		_led_start_sequence		CODE           	004E	0000	49

main.c estimated size: 152

